// Jest Snapshot v1, https://goo.gl/fbAQLP

exports[`should render CityArea component 1`] = `
Object {
  "asFragment": [Function],
  "baseElement": <body>
    <div>
      <div
        class="leaflet-container leaflet-touch leaflet-grab leaflet-touch-drag leaflet-touch-zoom"
        style="position: relative;"
        tabindex="0"
      >
        <div
          class="leaflet-pane leaflet-map-pane"
          style="left: 0px; top: 0px;"
        >
          <div
            class="leaflet-pane leaflet-tile-pane"
          />
          <div
            class="leaflet-pane leaflet-overlay-pane"
          />
          <div
            class="leaflet-pane leaflet-shadow-pane"
          />
          <div
            class="leaflet-pane leaflet-marker-pane"
          />
          <div
            class="leaflet-pane leaflet-tooltip-pane"
          />
          <div
            class="leaflet-pane leaflet-popup-pane"
          />
        </div>
        <div
          class="leaflet-control-container"
        >
          <div
            class="leaflet-top leaflet-left"
          >
            <div
              class="leaflet-control-zoom leaflet-bar leaflet-control"
            >
              <a
                aria-disabled="false"
                aria-label="Zoom in"
                class="leaflet-control-zoom-in"
                href="#"
                role="button"
                title="Zoom in"
              >
                <span
                  aria-hidden="true"
                >
                  +
                </span>
              </a>
              <a
                aria-disabled="false"
                aria-label="Zoom out"
                class="leaflet-control-zoom-out"
                href="#"
                role="button"
                title="Zoom out"
              >
                <span
                  aria-hidden="true"
                >
                  −
                </span>
              </a>
            </div>
          </div>
          <div
            class="leaflet-top leaflet-right"
          />
          <div
            class="leaflet-bottom leaflet-left"
          />
          <div
            class="leaflet-bottom leaflet-right"
          >
            <div
              class="leaflet-control-attribution leaflet-control"
            >
              <a
                href="https://leafletjs.com"
                title="A JavaScript library for interactive maps"
              >
                Leaflet
              </a>
            </div>
          </div>
        </div>
      </div>
    </div>
  </body>,
  "container": <div>
    <div
      class="leaflet-container leaflet-touch leaflet-grab leaflet-touch-drag leaflet-touch-zoom"
      style="position: relative;"
      tabindex="0"
    >
      <div
        class="leaflet-pane leaflet-map-pane"
        style="left: 0px; top: 0px;"
      >
        <div
          class="leaflet-pane leaflet-tile-pane"
        />
        <div
          class="leaflet-pane leaflet-overlay-pane"
        />
        <div
          class="leaflet-pane leaflet-shadow-pane"
        />
        <div
          class="leaflet-pane leaflet-marker-pane"
        />
        <div
          class="leaflet-pane leaflet-tooltip-pane"
        />
        <div
          class="leaflet-pane leaflet-popup-pane"
        />
      </div>
      <div
        class="leaflet-control-container"
      >
        <div
          class="leaflet-top leaflet-left"
        >
          <div
            class="leaflet-control-zoom leaflet-bar leaflet-control"
          >
            <a
              aria-disabled="false"
              aria-label="Zoom in"
              class="leaflet-control-zoom-in"
              href="#"
              role="button"
              title="Zoom in"
            >
              <span
                aria-hidden="true"
              >
                +
              </span>
            </a>
            <a
              aria-disabled="false"
              aria-label="Zoom out"
              class="leaflet-control-zoom-out"
              href="#"
              role="button"
              title="Zoom out"
            >
              <span
                aria-hidden="true"
              >
                −
              </span>
            </a>
          </div>
        </div>
        <div
          class="leaflet-top leaflet-right"
        />
        <div
          class="leaflet-bottom leaflet-left"
        />
        <div
          class="leaflet-bottom leaflet-right"
        >
          <div
            class="leaflet-control-attribution leaflet-control"
          >
            <a
              href="https://leafletjs.com"
              title="A JavaScript library for interactive maps"
            >
              Leaflet
            </a>
          </div>
        </div>
      </div>
    </div>
  </div>,
  "debug": [Function],
  "findAllByAltText": [Function],
  "findAllByDisplayValue": [Function],
  "findAllByLabelText": [Function],
  "findAllByPlaceholderText": [Function],
  "findAllByRole": [Function],
  "findAllByTestId": [Function],
  "findAllByText": [Function],
  "findAllByTitle": [Function],
  "findByAltText": [Function],
  "findByDisplayValue": [Function],
  "findByLabelText": [Function],
  "findByPlaceholderText": [Function],
  "findByRole": [Function],
  "findByTestId": [Function],
  "findByText": [Function],
  "findByTitle": [Function],
  "getAllByAltText": [Function],
  "getAllByDisplayValue": [Function],
  "getAllByLabelText": [Function],
  "getAllByPlaceholderText": [Function],
  "getAllByRole": [Function],
  "getAllByTestId": [Function],
  "getAllByText": [Function],
  "getAllByTitle": [Function],
  "getByAltText": [Function],
  "getByDisplayValue": [Function],
  "getByLabelText": [Function],
  "getByPlaceholderText": [Function],
  "getByRole": [Function],
  "getByTestId": [Function],
  "getByText": [Function],
  "getByTitle": [Function],
  "queryAllByAltText": [Function],
  "queryAllByDisplayValue": [Function],
  "queryAllByLabelText": [Function],
  "queryAllByPlaceholderText": [Function],
  "queryAllByRole": [Function],
  "queryAllByTestId": [Function],
  "queryAllByText": [Function],
  "queryAllByTitle": [Function],
  "queryByAltText": [Function],
  "queryByDisplayValue": [Function],
  "queryByLabelText": [Function],
  "queryByPlaceholderText": [Function],
  "queryByRole": [Function],
  "queryByTestId": [Function],
  "queryByText": [Function],
  "queryByTitle": [Function],
  "rerender": [Function],
  "unmount": [Function],
}
`;
